PS C:\Users\竹澤愛華> cd C:\Users\竹澤愛華\Desktop
PS C:\Users\竹澤愛華\Desktop> mkdir git_challenge


    ディレクトリ: C:\Users\竹澤愛華\Desktop


Mode                 LastWriteTime         Length Name
----                 -------------         ------ ----
d-----        2024/10/17     19:40                git_challenge      


PS C:\Users\竹澤愛華\Desktop> cd git_challenge
PS C:\Users\竹澤愛華\Desktop\git_challenge> git init
Initialized empty Git repository in C:/Users/竹澤愛華/Desktop/git_challenge/.git/
PS C:\Users\竹澤愛華\Desktop\git_challenge> echo "" >> hello_world.txt
PS C:\Users\竹澤愛華\Desktop\git_challenge> git add hello_world.txt
PS C:\Users\竹澤愛華\Desktop\git_challenge> git commit -m "hello_world.txtを追加"
[main (root-commit) 7f3ff42] hello_world.txtを追加
 1 file changed, 0 insertions(+), 0 deletions(-)
 create mode 100644 hello_world.txt
PS C:\Users\竹澤愛華\Desktop\git_challenge> git add hello_world.txt  
PS C:\Users\竹澤愛華\Desktop\git_challenge> git commit -m "日本語を追記"
[main 7826ea9] 日本語を追記
 1 file changed, 0 insertions(+), 0 deletions(-)
PS C:\Users\竹澤愛華\Desktop\git_challenge> git log --oneline
7826ea9 (HEAD -> main) 日本語を追記
7f3ff42 hello_world.txtを追加